> Task :app:buildKotlinToolingMetadata UP-TO-DATE
> Task :app:checkKotlinGradlePluginConfigurationErrors SKIPPED
> Task :app:preBuild UP-TO-DATE
> Task :app:preReleaseBuild UP-TO-DATE
> Task :app:checkReleaseAarMetadata UP-TO-DATE
> Task :app:generateReleaseResValues UP-TO-DATE
> Task :app:mapReleaseSourceSetPaths UP-TO-DATE
> Task :app:generateReleaseResources UP-TO-DATE
> Task :app:mergeReleaseResources UP-TO-DATE
> Task :app:packageReleaseResources UP-TO-DATE
> Task :app:parseReleaseLocalResources UP-TO-DATE
> Task :app:createReleaseCompatibleScreenManifests UP-TO-DATE
> Task :app:extractDeepLinksRelease UP-TO-DATE
> Task :app:processReleaseMainManifest UP-TO-DATE
> Task :app:processReleaseManifest UP-TO-DATE
> Task :app:processReleaseManifestForPackage UP-TO-DATE
> Task :app:processReleaseResources UP-TO-DATE
> Task :app:kspReleaseKotlin UP-TO-DATE
> Task :app:compileReleaseKotlin UP-TO-DATE
> Task :app:javaPreCompileRelease UP-TO-DATE
> Task :app:compileReleaseJavaWithJavac UP-TO-DATE
> Task :app:extractProguardFiles UP-TO-DATE
> Task :app:generateReleaseLintVitalReportModel UP-TO-DATE
> Task :app:mergeReleaseJniLibFolders UP-TO-DATE
> Task :app:mergeReleaseNativeLibs UP-TO-DATE
> Task :app:stripReleaseDebugSymbols UP-TO-DATE
> Task :app:extractReleaseNativeSymbolTables UP-TO-DATE
> Task :app:mergeReleaseNativeDebugMetadata NO-SOURCE
> Task :app:checkReleaseDuplicateClasses UP-TO-DATE
> Task :app:dexBuilderRelease UP-TO-DATE
> Task :app:desugarReleaseFileDependencies UP-TO-DATE
> Task :app:mergeReleaseStartupProfile UP-TO-DATE
> Task :app:mergeExtDexRelease UP-TO-DATE
> Task :app:mergeDexRelease UP-TO-DATE
> Task :app:mergeReleaseArtProfile UP-TO-DATE
> Task :app:mergeReleaseGlobalSynthetics UP-TO-DATE
> Task :app:compileReleaseArtProfile UP-TO-DATE
> Task :app:mergeReleaseShaders UP-TO-DATE
> Task :app:compileReleaseShaders NO-SOURCE
> Task :app:generateReleaseAssets UP-TO-DATE
> Task :app:mergeReleaseAssets UP-TO-DATE
> Task :app:compressReleaseAssets UP-TO-DATE
> Task :app:extractReleaseVersionControlInfo UP-TO-DATE
> Task :app:processReleaseJavaRes UP-TO-DATE
> Task :app:mergeReleaseJavaResource UP-TO-DATE
> Task :app:optimizeReleaseResources UP-TO-DATE
> Task :app:collectReleaseDependencies UP-TO-DATE
> Task :app:sdkReleaseDependencyData UP-TO-DATE
> Task :app:writeReleaseAppMetadata UP-TO-DATE
> Task :app:writeReleaseSigningConfigVersions UP-TO-DATE
> Task :app:packageRelease UP-TO-DATE
> Task :app:createReleaseApkListingFileRedirect UP-TO-DATE
> Task :app:lintVitalAnalyzeRelease FAILED
./gradlew : 
所在位置 行:1 字符: 1
+ ./gradlew assembleRelease 
> build_error.log 2>&1
+ ~~~~~~~~~~~~~~~~~~~~~~~~~~
~~~~~~~~~~~~~~~~~~~~~~
    + CategoryInfo          
    : NotSpecified: (:Stri  
  ng) [], RemoteException
    + FullyQualifiedErrorId 
    : NativeCommandError
 
FAILURE: Build failed with a
n exception.

* What went wrong:
Execution failed for task ':
app:lintVitalAnalyzeRelease'
.
> A failure occurred while e
xecuting com.android.build.g
radle.internal.lint.AndroidL
intWorkAction
   > Unexpected failure duri
ng lint analysis (this is a 
bug in lint or one of the li
braries it depends on)
     
     Message: Unexpected fai
lure during lint analysis (t
his is a bug in lint or one 
of the libraries it depends 
on)
     
     Message: Unexpected fai
lure during lint analysis of
 ExpenseRepository.kt (this 
is a bug in lint or one of t
he libraries it depends on)
     
     Message: Found class or
g.jetbrains.kotlin.analysis.
api.resolution.KaCallableMem
berCall, but interface was e
xpected
     
     The crash seems to invo
lve the detector \\\`android
x.lifecycle.lint.NonNullable
MutableLiveDataDetector\\\`.
     You can try disabling i
t with something like this:
     聽聽聽聽android {
     聽聽聽聽聽聽聽聽lint {
     聽聽聽聽聽聽聽聽聽聽聽聽disable "Nu
llSafeMutableLiveData"
     聽聽聽聽聽聽聽聽}
     聽聽聽聽}
     
     Stack: \\\`Incompatible
ClassChangeError:NonNullable
MutableLiveDataDetector$crea
teUastHandler$1.visitCallExp
ression(NonNullableMutableLi
veDataDetector.kt:140)鈫怳Elem
entVisitor$DispatchUastVisit
or.visitCallExpression(UElem
entVisitor.kt:412)鈫怳ElementV
isitor$DelegatingUastVisitor
.visitCallExpression(UElemen
tVisitor.kt:756)鈫怳CallExpres
sion.accept(UCallExpression.
kt:94)鈫怳QualifiedReferenceEx
pression.accept(UQualifiedRe
ferenceExpression.kt:34)鈫怳Re
turnExpression.accept(URetur
nExpression.kt:22)鈫怚mplement
ationUtilsKt.acceptList(impl
ementationUtils.kt:15)鈫怳Bloc
kExpression.accept(UBlockExp
ression.kt:21)鈫怳Method.accep
t(UMethod.kt:45)鈫怚mplementat
ionUtilsKt.acceptList(implem
entationUtils.kt:15)鈫怉bstrac
tKotlinUClass.accept(Abstrac
tKotlinUClass.kt:213)鈫怚mplem
entationUtilsKt.acceptList(i
mplementationUtils.kt:15)鈫怳F
ile.accept(UFile.kt:89)鈫怳ast
LintUtilsKt.acceptSourceFile
(UastLintUtils.kt:953)鈫怳Elem
entVisitor$visitFile$3.run(U
ElementVisitor.kt:216)鈫怢intC
lient.runReadAction(LintClie
nt.kt:1781)鈫怢intDriver$LintC
lientWrapper.runReadAction(L
intDriver.kt:2747)鈫怳ElementV
isitor.visitFile(UElementVis
itor.kt:213)鈫怢intDriver$visi
tUastDetectors$1.run(LintDri
ver.kt:2048)鈫怢intClient.runR
eadAction(LintClient.kt:1781
)鈫怢intDriver$LintClientWrapp
er.runReadAction(LintDriver.
kt:2747)鈫怢intDriver.visitUas
tDetectors(LintDriver.kt:204
8)鈫怢intDriver.visitUast(Lint
Driver.kt:2010)鈫怢intDriver.r
unFileDetectors(LintDriver.k
t:1284)鈫怢intDriver.checkProj
ect(LintDriver.kt:1070)鈫怢int
Driver.checkProjectRoot(Lint
Driver.kt:622)鈫怢intDriver.ac
cess$checkProjectRoot(LintDr
iver.kt:174)鈫怢intDriver$anal
yzeOnly$1.invoke(LintDriver.
kt:445)鈫怢intDriver$analyzeOn
ly$1.invoke(LintDriver.kt:44
2)鈫怢intDriver.doAnalyze(Lint
Driver.kt:501)鈫怢intDriver.an
alyzeOnly(LintDriver.kt:442)
鈫怢intCliClient$analyzeOnly$1
.invoke(LintCliClient.kt:258
)鈫怢intCliClient$analyzeOnly$
1.invoke(LintCliClient.kt:25
5)鈫怢intCliClient.run(LintCli
Client.kt:312)鈫怢intCliClient
.analyzeOnly(LintCliClient.k
t:255)鈫怣ain.run(Main.java:17
66)鈫怣ain.run(Main.java:282)鈫
怐irectMethodHandleAccessor.i
nvoke(DirectMethodHandleAcce
ssor.java:104)鈫怣ethod.invoke
(Method.java:578)鈫怉ndroidLin
tWorkAction.invokeLintMainRu
nMethod(AndroidLintWorkActio
n.kt:103)鈫怉ndroidLintWorkAct
ion.runLint(AndroidLintWorkA
ction.kt:90)鈫怉ndroidLintWork
Action.execute(AndroidLintWo
rkAction.kt:64)鈫怐efaultWorke
rServer.execute(DefaultWorke
rServer.java:63)鈫怤oIsolation
WorkerFactory$1$1.create(NoI
solationWorkerFactory.java:6
6)鈫怤oIsolationWorkerFactory$
1$1.create(NoIsolationWorker
Factory.java:62)鈫怌lassLoader
Utils.executeInClassloader(C
lassLoaderUtils.java:100)鈫怤o
IsolationWorkerFactory$1.lam
bda$execute$0(NoIsolationWor
kerFactory.java:62)鈫怉bstract
Worker$1.call(AbstractWorker
.java:44)鈫怉bstractWorker$1.c
all(AbstractWorker.java:41)鈫
怐efaultBuildOperationRunner$
CallableBuildOperationWorker
.execute(DefaultBuildOperati
onRunner.java:209)鈫怐efaultBu
ildOperationRunner$CallableB
uildOperationWorker.execute(
DefaultBuildOperationRunner.
java:204)鈫怐efaultBuildOperat
ionRunner$2.execute(DefaultB
uildOperationRunner.java:66)
鈫怐efaultBuildOperationRunner
$2.execute(DefaultBuildOpera
tionRunner.java:59)鈫怐efaultB
uildOperationRunner.execute(
DefaultBuildOperationRunner.
java:166)鈫怐efaultBuildOperat
ionRunner.execute(DefaultBui
ldOperationRunner.java:59)鈫怐
efaultBuildOperationRunner.c
all(DefaultBuildOperationRun
ner.java:53)鈫怉bstractWorker.
executeWrappedInBuildOperati
on(AbstractWorker.java:41)鈫怤
oIsolationWorkerFactory$1.ex
ecute(NoIsolationWorkerFacto
ry.java:59)鈫怐efaultWorkerExe
cutor.lambda$submitWork$0(De
faultWorkerExecutor.java:174
)鈫怓utureTask.run(FutureTask.
java:317)鈫怐efaultConditional
ExecutionQueue$ExecutionRunn
er.runExecution(DefaultCondi
tionalExecutionQueue.java:19
4)鈫怐efaultConditionalExecuti
onQueue$ExecutionRunner.acce
ss$700(DefaultConditionalExe
cutionQueue.java:127)鈫怐efaul
tConditionalExecutionQueue$E
xecutionRunner$1.run(Default
ConditionalExecutionQueue.ja
va:169)鈫怓actories$1.create(F
actories.java:31)鈫怐efaultWor
kerLeaseService.withLocks(De
faultWorkerLeaseService.java
:263)鈫怐efaultWorkerLeaseServ
ice.runAsWorkerThread(Defaul
tWorkerLeaseService.java:127
)鈫怐efaultWorkerLeaseService.
runAsWorkerThread(DefaultWor
kerLeaseService.java:132)鈫怐e
faultConditionalExecutionQue
ue$ExecutionRunner.runBatch(
DefaultConditionalExecutionQ
ueue.java:164)鈫怐efaultCondit
ionalExecutionQueue$Executio
nRunner.run(DefaultCondition
alExecutionQueue.java:133)鈫怑
xecutors$RunnableAdapter.cal
l(Executors.java:577)鈫怓uture
Task.run(FutureTask.java:317
)鈫怑xecutorPolicy$CatchAndRec
ordFailures.onExecute(Execut
orPolicy.java:64)鈫怉bstractMa
nagedExecutor$1.run(Abstract
ManagedExecutor.java:48)鈫怲hr
eadPoolExecutor.runWorker(Th
readPoolExecutor.java:1144)鈫
怲hreadPoolExecutor$Worker.ru
n(ThreadPoolExecutor.java:64
2)鈫怲hread.run(Thread.java:16
23)\\\`
     
     You can run with --stac
ktrace or set environment va
riable \\\`LINT_PRINT_STACKT
RACE=true\\\` to dump a full
 stacktrace to stdout.
     Stack: \`RuntimeExcepti
on:LintDriver$Companion.hand
leDetectorError(LintDriver.k
t:3740)鈫怢intDriver$Companion
.handleDetectorError$default
(LintDriver.kt:3607)鈫怢intDri
ver$Companion.handleDetector
Error(LintDriver.kt:3603)鈫怳E
lementVisitor.visitFile(UEle
mentVisitor.kt:242)鈫怢intDriv
er$visitUastDetectors$1.run(
LintDriver.kt:2048)鈫怢intClie
nt.runReadAction(LintClient.
kt:1781)鈫怢intDriver$LintClie
ntWrapper.runReadAction(Lint
Driver.kt:2747)鈫怢intDriver.v
isitUastDetectors(LintDriver
.kt:2048)鈫怢intDriver.visitUa
st(LintDriver.kt:2010)鈫怢intD
river.runFileDetectors(LintD
river.kt:1284)鈫怢intDriver.ch
eckProject(LintDriver.kt:107
0)鈫怢intDriver.checkProjectRo
ot(LintDriver.kt:622)鈫怢intDr
iver.access$checkProjectRoot
(LintDriver.kt:174)鈫怢intDriv
er$analyzeOnly$1.invoke(Lint
Driver.kt:445)鈫怢intDriver$an
alyzeOnly$1.invoke(LintDrive
r.kt:442)鈫怢intDriver.doAnaly
ze(LintDriver.kt:501)鈫怢intDr
iver.analyzeOnly(LintDriver.
kt:442)鈫怢intCliClient$analyz
eOnly$1.invoke(LintCliClient
.kt:258)鈫怢intCliClient$analy
zeOnly$1.invoke(LintCliClien
t.kt:255)鈫怢intCliClient.run(
LintCliClient.kt:312)鈫怢intCl
iClient.analyzeOnly(LintCliC
lient.kt:255)鈫怣ain.run(Main.
java:1766)鈫怣ain.run(Main.jav
a:282)鈫怐irectMethodHandleAcc
essor.invoke(DirectMethodHan
dleAccessor.java:104)鈫怣ethod
.invoke(Method.java:578)鈫怉nd
roidLintWorkAction.invokeLin
tMainRunMethod(AndroidLintWo
rkAction.kt:103)鈫怉ndroidLint
WorkAction.runLint(AndroidLi
ntWorkAction.kt:90)鈫怉ndroidL
intWorkAction.execute(Androi
dLintWorkAction.kt:64)鈫怐efau
ltWorkerServer.execute(Defau
ltWorkerServer.java:63)鈫怤oIs
olationWorkerFactory$1$1.cre
ate(NoIsolationWorkerFactory
.java:66)鈫怤oIsolationWorkerF
actory$1$1.create(NoIsolatio
nWorkerFactory.java:62)鈫怌las
sLoaderUtils.executeInClassl
oader(ClassLoaderUtils.java:
100)鈫怤oIsolationWorkerFactor
y$1.lambda$execute$0(NoIsola
tionWorkerFactory.java:62)鈫怉
bstractWorker$1.call(Abstrac
tWorker.java:44)鈫怉bstractWor
ker$1.call(AbstractWorker.ja
va:41)鈫怐efaultBuildOperation
Runner$CallableBuildOperatio
nWorker.execute(DefaultBuild
OperationRunner.java:209)鈫怐e
faultBuildOperationRunner$Ca
llableBuildOperationWorker.e
xecute(DefaultBuildOperation
Runner.java:204)鈫怐efaultBuil
dOperationRunner$2.execute(D
efaultBuildOperationRunner.j
ava:66)鈫怐efaultBuildOperatio
nRunner$2.execute(DefaultBui
ldOperationRunner.java:59)鈫怐
efaultBuildOperationRunner.e
xecute(DefaultBuildOperation
Runner.java:166)鈫怐efaultBuil
dOperationRunner.execute(Def
aultBuildOperationRunner.jav
a:59)鈫怐efaultBuildOperationR
unner.call(DefaultBuildOpera
tionRunner.java:53)鈫怉bstract
Worker.executeWrappedInBuild
Operation(AbstractWorker.jav
a:41)鈫怤oIsolationWorkerFacto
ry$1.execute(NoIsolationWork
erFactory.java:59)鈫怐efaultWo
rkerExecutor.lambda$submitWo
rk$0(DefaultWorkerExecutor.j
ava:174)鈫怓utureTask.run(Futu
reTask.java:317)鈫怐efaultCond
itionalExecutionQueue$Execut
ionRunner.runExecution(Defau
ltConditionalExecutionQueue.
java:194)鈫怐efaultConditional
ExecutionQueue$ExecutionRunn
er.access$700(DefaultConditi
onalExecutionQueue.java:127)
鈫怐efaultConditionalExecution
Queue$ExecutionRunner$1.run(
DefaultConditionalExecutionQ
ueue.java:169)鈫怓actories$1.c
reate(Factories.java:31)鈫怐ef
aultWorkerLeaseService.withL
ocks(DefaultWorkerLeaseServi
ce.java:263)鈫怐efaultWorkerLe
aseService.runAsWorkerThread
(DefaultWorkerLeaseService.j
ava:127)鈫怐efaultWorkerLeaseS
ervice.runAsWorkerThread(Def
aultWorkerLeaseService.java:
132)鈫怐efaultConditionalExecu
tionQueue$ExecutionRunner.ru
nBatch(DefaultConditionalExe
cutionQueue.java:164)鈫怐efaul
tConditionalExecutionQueue$E
xecutionRunner.run(DefaultCo
nditionalExecutionQueue.java
:133)鈫怑xecutors$RunnableAdap
ter.call(Executors.java:577)
鈫怓utureTask.run(FutureTask.j
ava:317)鈫怑xecutorPolicy$Catc
hAndRecordFailures.onExecute
(ExecutorPolicy.java:64)鈫怉bs
tractManagedExecutor$1.run(A
bstractManagedExecutor.java:
48)鈫怲hreadPoolExecutor.runWo
rker(ThreadPoolExecutor.java
:1144)鈫怲hreadPoolExecutor$Wo
rker.run(ThreadPoolExecutor.
java:642)鈫怲hread.run(Thread.
java:1623)\`
     
     You can run with --stac
ktrace or set environment va
riable \`LINT_PRINT_STACKTRA
CE=true\` to dump a full sta
cktrace to stdout.
     Stack: `RuntimeExceptio
n:LintDriver$Companion.handl
eDetectorError(LintDriver.kt
:3740)鈫怢intDriver$Companion.
handleDetectorError$default(
LintDriver.kt:3607)鈫怢intDriv
er$Companion.handleDetectorE
rror(LintDriver.kt:3603)鈫怢in
tDriver$analyzeOnly$1.invoke
(LintDriver.kt:447)鈫怢intDriv
er$analyzeOnly$1.invoke(Lint
Driver.kt:442)鈫怢intDriver.do
Analyze(LintDriver.kt:501)鈫怢
intDriver.analyzeOnly(LintDr
iver.kt:442)鈫怢intCliClient$a
nalyzeOnly$1.invoke(LintCliC
lient.kt:258)鈫怢intCliClient$
analyzeOnly$1.invoke(LintCli
Client.kt:255)鈫怢intCliClient
.run(LintCliClient.kt:312)鈫怢
intCliClient.analyzeOnly(Lin
tCliClient.kt:255)鈫怣ain.run(
Main.java:1766)鈫怣ain.run(Mai
n.java:282)鈫怐irectMethodHand
leAccessor.invoke(DirectMeth
odHandleAccessor.java:104)鈫怣
ethod.invoke(Method.java:578
)鈫怉ndroidLintWorkAction.invo
keLintMainRunMethod(AndroidL
intWorkAction.kt:103)鈫怉ndroi
dLintWorkAction.runLint(Andr
oidLintWorkAction.kt:90)鈫怉nd
roidLintWorkAction.execute(A
ndroidLintWorkAction.kt:64)鈫
怐efaultWorkerServer.execute(
DefaultWorkerServer.java:63)
鈫怤oIsolationWorkerFactory$1$
1.create(NoIsolationWorkerFa
ctory.java:66)鈫怤oIsolationWo
rkerFactory$1$1.create(NoIso
lationWorkerFactory.java:62)
鈫怌lassLoaderUtils.executeInC
lassloader(ClassLoaderUtils.
java:100)鈫怤oIsolationWorkerF
actory$1.lambda$execute$0(No
IsolationWorkerFactory.java:
62)鈫怉bstractWorker$1.call(Ab
stractWorker.java:44)鈫怉bstra
ctWorker$1.call(AbstractWork
er.java:41)鈫怐efaultBuildOper
ationRunner$CallableBuildOpe
rationWorker.execute(Default
BuildOperationRunner.java:20
9)鈫怐efaultBuildOperationRunn
er$CallableBuildOperationWor
ker.execute(DefaultBuildOper
ationRunner.java:204)鈫怐efaul
tBuildOperationRunner$2.exec
ute(DefaultBuildOperationRun
ner.java:66)鈫怐efaultBuildOpe
rationRunner$2.execute(Defau
ltBuildOperationRunner.java:
59)鈫怐efaultBuildOperationRun
ner.execute(DefaultBuildOper
ationRunner.java:166)鈫怐efaul
tBuildOperationRunner.execut
e(DefaultBuildOperationRunne
r.java:59)鈫怐efaultBuildOpera
tionRunner.call(DefaultBuild
OperationRunner.java:53)鈫怉bs
tractWorker.executeWrappedIn
BuildOperation(AbstractWorke
r.java:41)鈫怤oIsolationWorker
Factory$1.execute(NoIsolatio
nWorkerFactory.java:59)鈫怐efa
ultWorkerExecutor.lambda$sub
mitWork$0(DefaultWorkerExecu
tor.java:174)鈫怓utureTask.run
(FutureTask.java:317)鈫怐efaul
tConditionalExecutionQueue$E
xecutionRunner.runExecution(
DefaultConditionalExecutionQ
ueue.java:194)鈫怐efaultCondit
ionalExecutionQueue$Executio
nRunner.access$700(DefaultCo
nditionalExecutionQueue.java
:127)鈫怐efaultConditionalExec
utionQueue$ExecutionRunner$1
.run(DefaultConditionalExecu
tionQueue.java:169)鈫怓actorie
s$1.create(Factories.java:31
)鈫怐efaultWorkerLeaseService.
withLocks(DefaultWorkerLease
Service.java:263)鈫怐efaultWor
kerLeaseService.runAsWorkerT
hread(DefaultWorkerLeaseServ
ice.java:127)鈫怐efaultWorkerL
easeService.runAsWorkerThrea
d(DefaultWorkerLeaseService.
java:132)鈫怐efaultConditional
ExecutionQueue$ExecutionRunn
er.runBatch(DefaultCondition
alExecutionQueue.java:164)鈫怐
efaultConditionalExecutionQu
eue$ExecutionRunner.run(Defa
ultConditionalExecutionQueue
.java:133)鈫怑xecutors$Runnabl
eAdapter.call(Executors.java
:577)鈫怓utureTask.run(FutureT
ask.java:317)鈫怑xecutorPolicy
$CatchAndRecordFailures.onEx
ecute(ExecutorPolicy.java:64
)鈫怉bstractManagedExecutor$1.
run(AbstractManagedExecutor.
java:48)鈫怲hreadPoolExecutor.
runWorker(ThreadPoolExecutor
.java:1144)鈫怲hreadPoolExecut
or$Worker.run(ThreadPoolExec
utor.java:642)鈫怲hread.run(Th
read.java:1623)`
     
     You can run with --stac
ktrace or set environment va
riable `LINT_PRINT_STACKTRAC
E=true` to dump a full stack
trace to stdout.

* Try:
> Run with --stacktrace opti
on to get the stack trace.
> Run with --info or --debug
 option to get more log outp
ut.
> Run with --scan to get ful
l insights.
> Get more help at https://h
elp.gradle.org.

BUILD FAILED in 2s
47 actionable tasks: 1 executed, 46 up-to-date
