> Task :app:checkKotlinGradlePluginConfigurationErrors SKIPPED
> Task :app:preBuild UP-TO-DATE
> Task :app:preDebugBuild UP-TO-DATE
> Task :app:checkDebugAarMetadata UP-TO-DATE
> Task :app:generateDebugResValues UP-TO-DATE
> Task :app:mapDebugSourceSetPaths UP-TO-DATE
> Task :app:generateDebugResources UP-TO-DATE
> Task :app:mergeDebugResources UP-TO-DATE
> Task :app:packageDebugResources UP-TO-DATE
> Task :app:parseDebugLocalResources UP-TO-DATE
> Task :app:createDebugCompatibleScreenManifests UP-TO-DATE
> Task :app:extractDeepLinksDebug UP-TO-DATE
> Task :app:processDebugMainManifest UP-TO-DATE
> Task :app:processDebugManifest UP-TO-DATE
> Task :app:processDebugManifestForPackage UP-TO-DATE
> Task :app:processDebugResources UP-TO-DATE
> Task :app:kspDebugKotlin UP-TO-DATE

> Task :app:compileDebugKotlin FAILED
e: file:///E:/AI/ai%20projects/md3ExpenseTracker/app/src/main/java/com/example/expensetracker/ui/screen/SettingsScreen.kt:131:17 Unresolved reference 'ThemeBadge'.
e: file:///E:/AI/ai%20projects/md3ExpenseTracker/app/src/main/java/com/example/expensetracker/ui/screen/SettingsScreen.kt:132:17 Unresolved reference 'ThemeBadge'.
e: file:///E:/AI/ai%20projects/md3ExpenseTracker/app/src/main/java/com/example/expensetracker/ui/screen/SettingsScreen.kt:133:17 Unresolved reference 'ThemeBadge'.
e: file:///E:/AI/ai%20projects/md3ExpenseTracker/app/src/main/java/com/example/expensetracker/ui/screen/SettingsScreen.kt:134:17 Unresolved reference 'ThemeBadge'.

FAILURE: Build failed with an exception.

* What went wrong:
Execution failed for task ':app:compileDebugKotlin'.
> A failure occurred while executing org.jetbrains.kotlin.compilerRunner.GradleCompilerRunnerWithWorkers$GradleKotlinCompilerWorkAction
   > Compilation error. See log for more details

* Try:
> Run with --stacktrace option to get the stack trace.
> Run with --info or --debug option to get more log output.
> Run with --scan to get full insights.
> Get more help at https://help.gradle.org.

BUILD FAILED in 3s
15 actionable tasks: 1 executed, 14 up-to-date
